// Jest Snapshot v1, https://goo.gl/fbAQLP

exports[`<GridFluid /> should render GridFluid correctly with children 1`] = `
.c0 {
  grid-column: 1/4;
  width: 100%;
}

<div>
  <div
    class="c0"
  >
    <div>
      GridFluid
    </div>
  </div>
</div>
`;
